[2024-10-08T18:26:48.279+0200][gc,init] CardTable entry size: 512
[2024-10-08T18:26:48.280+0200][gc     ] Using G1
[2024-10-08T18:26:48.317+0200][gc,init] Version: 22.0.2+9 (release)
[2024-10-08T18:26:48.317+0200][gc,init] CPUs: 12 total, 12 available
[2024-10-08T18:26:48.317+0200][gc,init] Memory: 31933M
[2024-10-08T18:26:48.317+0200][gc,init] Large Page Support: Disabled
[2024-10-08T18:26:48.317+0200][gc,init] NUMA Support: Disabled
[2024-10-08T18:26:48.317+0200][gc,init] Compressed Oops: Enabled (32-bit)
[2024-10-08T18:26:48.317+0200][gc,init] Heap Region Size: 1M
[2024-10-08T18:26:48.317+0200][gc,init] Heap Min Capacity: 1G
[2024-10-08T18:26:48.317+0200][gc,init] Heap Initial Capacity: 1G
[2024-10-08T18:26:48.317+0200][gc,init] Heap Max Capacity: 1G
[2024-10-08T18:26:48.317+0200][gc,init] Pre-touch: Disabled
[2024-10-08T18:26:48.317+0200][gc,init] Parallel Workers: 10
[2024-10-08T18:26:48.317+0200][gc,init] Concurrent Workers: 3
[2024-10-08T18:26:48.317+0200][gc,init] Concurrent Refinement Workers: 10
[2024-10-08T18:26:48.317+0200][gc,init] Periodic GC: Disabled
[2024-10-08T18:26:48.352+0200][gc,metaspace] CDS archive(s) mapped at: [0x00007febaa000000-0x00007febaac75000-0x00007febaac75000), size 13062144, SharedBaseAddress: 0x00007febaa000000, ArchiveRelocationMode: 1.
[2024-10-08T18:26:48.352+0200][gc,metaspace] Compressed class space mapped at: 0x00007febab000000-0x00007febeb000000, reserved size: 1073741824
[2024-10-08T18:26:48.352+0200][gc,metaspace] Narrow klass base: 0x00007febaa000000, Narrow klass shift: 0, Narrow klass range: 0x100000000
[2024-10-08T18:26:53.562+0200][gc,start    ] GC(0) Pause Young (Normal) (G1 Evacuation Pause)
[2024-10-08T18:26:53.566+0200][gc,task     ] GC(0) Using 10 workers of 10 for evacuation
[2024-10-08T18:26:53.585+0200][gc,phases   ] GC(0)   Pre Evacuate Collection Set: 0.53ms
[2024-10-08T18:26:53.585+0200][gc,phases   ] GC(0)   Merge Heap Roots: 0.30ms
[2024-10-08T18:26:53.585+0200][gc,phases   ] GC(0)   Evacuate Collection Set: 16.46ms
[2024-10-08T18:26:53.585+0200][gc,phases   ] GC(0)   Post Evacuate Collection Set: 2.07ms
[2024-10-08T18:26:53.585+0200][gc,phases   ] GC(0)   Other: 3.96ms
[2024-10-08T18:26:53.586+0200][gc,heap     ] GC(0) Eden regions: 51->0(44)
[2024-10-08T18:26:53.586+0200][gc,heap     ] GC(0) Survivor regions: 0->7(7)
[2024-10-08T18:26:53.586+0200][gc,heap     ] GC(0) Old regions: 2->3
[2024-10-08T18:26:53.586+0200][gc,heap     ] GC(0) Humongous regions: 0->0
[2024-10-08T18:26:53.586+0200][gc,metaspace] GC(0) Metaspace: 17296K(17472K)->17296K(17472K) NonClass: 15257K(15360K)->15257K(15360K) Class: 2039K(2112K)->2039K(2112K)
[2024-10-08T18:26:53.586+0200][gc          ] GC(0) Pause Young (Normal) (G1 Evacuation Pause) 52M->8M(1024M) 24.103ms
[2024-10-08T18:26:53.586+0200][gc,cpu      ] GC(0) User=0.14s Sys=0.03s Real=0.03s
[2024-10-08T18:26:54.933+0200][gc,start    ] GC(1) Pause Young (Concurrent Start) (Metadata GC Threshold)
[2024-10-08T18:26:54.933+0200][gc,task     ] GC(1) Using 10 workers of 10 for evacuation
[2024-10-08T18:26:54.954+0200][gc,mmu      ] GC(1) MMU target violated: 20.8ms (20.0ms/21.0ms)
[2024-10-08T18:26:54.954+0200][gc,phases   ] GC(1)   Pre Evacuate Collection Set: 0.83ms
[2024-10-08T18:26:54.954+0200][gc,phases   ] GC(1)   Merge Heap Roots: 0.19ms
[2024-10-08T18:26:54.954+0200][gc,phases   ] GC(1)   Evacuate Collection Set: 18.36ms
[2024-10-08T18:26:54.954+0200][gc,phases   ] GC(1)   Post Evacuate Collection Set: 1.11ms
[2024-10-08T18:26:54.954+0200][gc,phases   ] GC(1)   Other: 0.50ms
[2024-10-08T18:26:54.954+0200][gc,heap     ] GC(1) Eden regions: 16->0(49)
[2024-10-08T18:26:54.954+0200][gc,heap     ] GC(1) Survivor regions: 7->2(7)
[2024-10-08T18:26:54.954+0200][gc,heap     ] GC(1) Old regions: 3->11
[2024-10-08T18:26:54.954+0200][gc,heap     ] GC(1) Humongous regions: 0->0
[2024-10-08T18:26:54.954+0200][gc,metaspace] GC(1) Metaspace: 21336K(21504K)->21336K(21504K) NonClass: 18791K(18880K)->18791K(18880K) Class: 2544K(2624K)->2544K(2624K)
[2024-10-08T18:26:54.955+0200][gc          ] GC(1) Pause Young (Concurrent Start) (Metadata GC Threshold) 24M->11M(1024M) 21.754ms
[2024-10-08T18:26:54.955+0200][gc,cpu      ] GC(1) User=0.09s Sys=0.07s Real=0.03s
[2024-10-08T18:26:54.955+0200][gc          ] GC(2) Concurrent Mark Cycle
[2024-10-08T18:26:54.955+0200][gc,marking  ] GC(2) Concurrent Scan Root Regions
[2024-10-08T18:26:54.962+0200][gc,marking  ] GC(2) Concurrent Scan Root Regions 7.577ms
[2024-10-08T18:26:54.963+0200][gc,marking  ] GC(2) Concurrent Mark
[2024-10-08T18:26:54.963+0200][gc,marking  ] GC(2) Concurrent Mark From Roots
[2024-10-08T18:26:54.963+0200][gc,task     ] GC(2) Using 3 workers of 3 for marking
[2024-10-08T18:26:54.970+0200][gc,marking  ] GC(2) Concurrent Mark From Roots 7.592ms
[2024-10-08T18:26:54.970+0200][gc,marking  ] GC(2) Concurrent Preclean
[2024-10-08T18:26:54.970+0200][gc,marking  ] GC(2) Concurrent Preclean 0.031ms
[2024-10-08T18:26:54.971+0200][gc,start    ] GC(2) Pause Remark
[2024-10-08T18:26:54.976+0200][gc          ] GC(2) Pause Remark 12M->12M(1024M) 4.182ms
[2024-10-08T18:26:54.976+0200][gc,cpu      ] GC(2) User=0.02s Sys=0.00s Real=0.01s
[2024-10-08T18:26:54.976+0200][gc,marking  ] GC(2) Concurrent Mark 13.348ms
[2024-10-08T18:26:54.976+0200][gc,marking  ] GC(2) Concurrent Rebuild Remembered Sets and Scrub Regions
[2024-10-08T18:26:54.981+0200][gc,marking  ] GC(2) Concurrent Rebuild Remembered Sets and Scrub Regions 4.957ms
[2024-10-08T18:26:54.981+0200][gc,start    ] GC(2) Pause Cleanup
[2024-10-08T18:26:54.982+0200][gc          ] GC(2) Pause Cleanup 12M->12M(1024M) 0.714ms
[2024-10-08T18:26:54.982+0200][gc,cpu      ] GC(2) User=0.00s Sys=0.00s Real=0.00s
[2024-10-08T18:26:54.982+0200][gc,marking  ] GC(2) Concurrent Clear Claimed Marks
[2024-10-08T18:26:54.982+0200][gc,marking  ] GC(2) Concurrent Clear Claimed Marks 0.095ms
[2024-10-08T18:26:54.982+0200][gc,marking  ] GC(2) Concurrent Cleanup for Next Mark
[2024-10-08T18:26:54.987+0200][gc,marking  ] GC(2) Concurrent Cleanup for Next Mark 4.686ms
[2024-10-08T18:26:54.987+0200][gc          ] GC(2) Concurrent Mark Cycle 32.541ms
[2024-10-08T18:26:57.393+0200][gc,start    ] GC(3) Pause Young (Prepare Mixed) (G1 Evacuation Pause)
[2024-10-08T18:26:57.393+0200][gc,task     ] GC(3) Using 10 workers of 10 for evacuation
[2024-10-08T18:26:57.405+0200][gc,phases   ] GC(3)   Pre Evacuate Collection Set: 1.31ms
[2024-10-08T18:26:57.405+0200][gc,phases   ] GC(3)   Merge Heap Roots: 0.23ms
[2024-10-08T18:26:57.405+0200][gc,phases   ] GC(3)   Evacuate Collection Set: 8.61ms
[2024-10-08T18:26:57.405+0200][gc,phases   ] GC(3)   Post Evacuate Collection Set: 1.39ms
[2024-10-08T18:26:57.405+0200][gc,phases   ] GC(3)   Other: 0.16ms
[2024-10-08T18:26:57.405+0200][gc,heap     ] GC(3) Eden regions: 49->0(44)
[2024-10-08T18:26:57.405+0200][gc,heap     ] GC(3) Survivor regions: 2->7(7)
[2024-10-08T18:26:57.405+0200][gc,heap     ] GC(3) Old regions: 11->11
[2024-10-08T18:26:57.405+0200][gc,heap     ] GC(3) Humongous regions: 129->129
[2024-10-08T18:26:57.405+0200][gc,metaspace] GC(3) Metaspace: 32310K(32640K)->32310K(32640K) NonClass: 28701K(28864K)->28701K(28864K) Class: 3609K(3776K)->3609K(3776K)
[2024-10-08T18:26:57.405+0200][gc          ] GC(3) Pause Young (Prepare Mixed) (G1 Evacuation Pause) 189M->145M(1024M) 12.198ms
[2024-10-08T18:26:57.405+0200][gc,cpu      ] GC(3) User=0.08s Sys=0.00s Real=0.02s
[2024-10-08T18:26:57.848+0200][gc,start    ] GC(4) Pause Young (Mixed) (Metadata GC Threshold)
[2024-10-08T18:26:57.848+0200][gc,task     ] GC(4) Using 10 workers of 10 for evacuation
[2024-10-08T18:26:57.861+0200][gc,phases   ] GC(4)   Pre Evacuate Collection Set: 0.31ms
[2024-10-08T18:26:57.861+0200][gc,phases   ] GC(4)   Merge Heap Roots: 0.07ms
[2024-10-08T18:26:57.861+0200][gc,phases   ] GC(4)   Evacuate Collection Set: 11.84ms
[2024-10-08T18:26:57.861+0200][gc,phases   ] GC(4)   Post Evacuate Collection Set: 0.63ms
[2024-10-08T18:26:57.861+0200][gc,phases   ] GC(4)   Other: 0.10ms
[2024-10-08T18:26:57.861+0200][gc,heap     ] GC(4) Eden regions: 14->0(49)
[2024-10-08T18:26:57.861+0200][gc,heap     ] GC(4) Survivor regions: 7->2(7)
[2024-10-08T18:26:57.861+0200][gc,heap     ] GC(4) Old regions: 11->17
[2024-10-08T18:26:57.861+0200][gc,heap     ] GC(4) Humongous regions: 129->129
[2024-10-08T18:26:57.861+0200][gc,metaspace] GC(4) Metaspace: 35659K(35968K)->35659K(35968K) NonClass: 31601K(31744K)->31601K(31744K) Class: 4058K(4224K)->4058K(4224K)
[2024-10-08T18:26:57.861+0200][gc          ] GC(4) Pause Young (Mixed) (Metadata GC Threshold) 159M->146M(1024M) 13.273ms
[2024-10-08T18:26:57.861+0200][gc,cpu      ] GC(4) User=0.08s Sys=0.03s Real=0.01s
[2024-10-08T18:27:25.014+0200][gc,start    ] GC(5) Pause Young (Concurrent Start) (Metadata GC Threshold)
[2024-10-08T18:27:25.014+0200][gc,task     ] GC(5) Using 10 workers of 10 for evacuation
[2024-10-08T18:27:25.019+0200][gc,phases   ] GC(5)   Pre Evacuate Collection Set: 0.92ms
[2024-10-08T18:27:25.020+0200][gc,phases   ] GC(5)   Merge Heap Roots: 0.15ms
[2024-10-08T18:27:25.020+0200][gc,phases   ] GC(5)   Evacuate Collection Set: 3.09ms
[2024-10-08T18:27:25.020+0200][gc,phases   ] GC(5)   Post Evacuate Collection Set: 0.95ms
[2024-10-08T18:27:25.020+0200][gc,phases   ] GC(5)   Other: 0.31ms
[2024-10-08T18:27:25.020+0200][gc,heap     ] GC(5) Eden regions: 5->0(50)
[2024-10-08T18:27:25.020+0200][gc,heap     ] GC(5) Survivor regions: 2->1(7)
[2024-10-08T18:27:25.020+0200][gc,heap     ] GC(5) Old regions: 17->17
[2024-10-08T18:27:25.020+0200][gc,heap     ] GC(5) Humongous regions: 129->129
[2024-10-08T18:27:25.020+0200][gc,metaspace] GC(5) Metaspace: 35969K(36288K)->35969K(36288K) NonClass: 31855K(32000K)->31855K(32000K) Class: 4114K(4288K)->4114K(4288K)
[2024-10-08T18:27:25.020+0200][gc          ] GC(5) Pause Young (Concurrent Start) (Metadata GC Threshold) 150M->146M(1024M) 6.265ms
[2024-10-08T18:27:25.020+0200][gc,cpu      ] GC(5) User=0.03s Sys=0.00s Real=0.01s
[2024-10-08T18:27:25.020+0200][gc          ] GC(6) Concurrent Mark Cycle
[2024-10-08T18:27:25.020+0200][gc,marking  ] GC(6) Concurrent Scan Root Regions
[2024-10-08T18:27:25.025+0200][gc,marking  ] GC(6) Concurrent Scan Root Regions 4.548ms
[2024-10-08T18:27:25.025+0200][gc,marking  ] GC(6) Concurrent Mark
[2024-10-08T18:27:25.025+0200][gc,marking  ] GC(6) Concurrent Mark From Roots
[2024-10-08T18:27:25.025+0200][gc,task     ] GC(6) Using 3 workers of 3 for marking
[2024-10-08T18:27:25.053+0200][gc,marking  ] GC(6) Concurrent Mark From Roots 28.340ms
[2024-10-08T18:27:25.053+0200][gc,marking  ] GC(6) Concurrent Preclean
[2024-10-08T18:27:25.054+0200][gc,marking  ] GC(6) Concurrent Preclean 0.108ms
[2024-10-08T18:27:25.054+0200][gc,start    ] GC(6) Pause Remark
[2024-10-08T18:27:25.059+0200][gc          ] GC(6) Pause Remark 146M->146M(1024M) 4.857ms
[2024-10-08T18:27:25.059+0200][gc,cpu      ] GC(6) User=0.02s Sys=0.00s Real=0.01s
[2024-10-08T18:27:25.059+0200][gc,marking  ] GC(6) Concurrent Mark 33.951ms
[2024-10-08T18:27:25.059+0200][gc,marking  ] GC(6) Concurrent Rebuild Remembered Sets and Scrub Regions
[2024-10-08T18:27:25.072+0200][gc,marking  ] GC(6) Concurrent Rebuild Remembered Sets and Scrub Regions 13.258ms
[2024-10-08T18:27:25.073+0200][gc,start    ] GC(6) Pause Cleanup
[2024-10-08T18:27:25.073+0200][gc          ] GC(6) Pause Cleanup 147M->147M(1024M) 0.879ms
[2024-10-08T18:27:25.074+0200][gc,cpu      ] GC(6) User=0.00s Sys=0.00s Real=0.00s
[2024-10-08T18:27:25.074+0200][gc,marking  ] GC(6) Concurrent Clear Claimed Marks
[2024-10-08T18:27:25.074+0200][gc,marking  ] GC(6) Concurrent Clear Claimed Marks 0.191ms
[2024-10-08T18:27:25.074+0200][gc,marking  ] GC(6) Concurrent Cleanup for Next Mark
[2024-10-08T18:27:25.078+0200][gc,marking  ] GC(6) Concurrent Cleanup for Next Mark 3.158ms
[2024-10-08T18:27:25.078+0200][gc          ] GC(6) Concurrent Mark Cycle 57.517ms
[2024-10-08T18:27:59.882+0200][gc,heap,exit] Heap
[2024-10-08T18:27:59.882+0200][gc,heap,exit]  garbage-first heap   total reserved 1048576K, committed 1048576K, used 163915K [0x00000000c0000000, 0x0000000100000000)
[2024-10-08T18:27:59.882+0200][gc,heap,exit]   region size 1024K, 15 young (15360K), 1 survivors (1024K)
[2024-10-08T18:27:59.883+0200][gc,heap,exit]  Metaspace       used 37277K, committed 37632K, reserved 1114112K
[2024-10-08T18:27:59.883+0200][gc,heap,exit]   class space    used 4360K, committed 4544K, reserved 1048576K
