[2024-10-09T21:54:49.264+0200][gc,init] CardTable entry size: 512
[2024-10-09T21:54:49.264+0200][gc     ] Using G1
[2024-10-09T21:54:49.277+0200][gc,init] Version: 22.0.2+9 (release)
[2024-10-09T21:54:49.277+0200][gc,init] CPUs: 12 total, 12 available
[2024-10-09T21:54:49.277+0200][gc,init] Memory: 31933M
[2024-10-09T21:54:49.277+0200][gc,init] Large Page Support: Disabled
[2024-10-09T21:54:49.277+0200][gc,init] NUMA Support: Disabled
[2024-10-09T21:54:49.277+0200][gc,init] Compressed Oops: Enabled (32-bit)
[2024-10-09T21:54:49.277+0200][gc,init] Heap Region Size: 1M
[2024-10-09T21:54:49.277+0200][gc,init] Heap Min Capacity: 1G
[2024-10-09T21:54:49.277+0200][gc,init] Heap Initial Capacity: 1G
[2024-10-09T21:54:49.277+0200][gc,init] Heap Max Capacity: 1G
[2024-10-09T21:54:49.277+0200][gc,init] Pre-touch: Disabled
[2024-10-09T21:54:49.277+0200][gc,init] Parallel Workers: 10
[2024-10-09T21:54:49.277+0200][gc,init] Concurrent Workers: 3
[2024-10-09T21:54:49.277+0200][gc,init] Concurrent Refinement Workers: 10
[2024-10-09T21:54:49.277+0200][gc,init] Periodic GC: Disabled
[2024-10-09T21:54:49.289+0200][gc,metaspace] CDS archive(s) mapped at: [0x00007f31b6000000-0x00007f31b6c75000-0x00007f31b6c75000), size 13062144, SharedBaseAddress: 0x00007f31b6000000, ArchiveRelocationMode: 1.
[2024-10-09T21:54:49.289+0200][gc,metaspace] Compressed class space mapped at: 0x00007f31b7000000-0x00007f31f7000000, reserved size: 1073741824
[2024-10-09T21:54:49.289+0200][gc,metaspace] Narrow klass base: 0x00007f31b6000000, Narrow klass shift: 0, Narrow klass range: 0x100000000
[2024-10-09T21:54:54.692+0200][gc,start    ] GC(0) Pause Young (Normal) (G1 Evacuation Pause)
[2024-10-09T21:54:54.694+0200][gc,task     ] GC(0) Using 10 workers of 10 for evacuation
[2024-10-09T21:54:54.704+0200][gc,phases   ] GC(0)   Pre Evacuate Collection Set: 0.18ms
[2024-10-09T21:54:54.704+0200][gc,phases   ] GC(0)   Merge Heap Roots: 0.11ms
[2024-10-09T21:54:54.704+0200][gc,phases   ] GC(0)   Evacuate Collection Set: 8.90ms
[2024-10-09T21:54:54.704+0200][gc,phases   ] GC(0)   Post Evacuate Collection Set: 0.64ms
[2024-10-09T21:54:54.704+0200][gc,phases   ] GC(0)   Other: 1.31ms
[2024-10-09T21:54:54.704+0200][gc,heap     ] GC(0) Eden regions: 51->0(44)
[2024-10-09T21:54:54.704+0200][gc,heap     ] GC(0) Survivor regions: 0->7(7)
[2024-10-09T21:54:54.704+0200][gc,heap     ] GC(0) Old regions: 2->3
[2024-10-09T21:54:54.704+0200][gc,heap     ] GC(0) Humongous regions: 0->0
[2024-10-09T21:54:54.704+0200][gc,metaspace] GC(0) Metaspace: 17158K(17344K)->17158K(17344K) NonClass: 15126K(15232K)->15126K(15232K) Class: 2032K(2112K)->2032K(2112K)
[2024-10-09T21:54:54.704+0200][gc          ] GC(0) Pause Young (Normal) (G1 Evacuation Pause) 52M->8M(1024M) 11.420ms
[2024-10-09T21:54:54.704+0200][gc,cpu      ] GC(0) User=0.03s Sys=0.04s Real=0.01s
[2024-10-09T21:54:55.303+0200][gc,start    ] GC(1) Pause Young (Concurrent Start) (Metadata GC Threshold)
[2024-10-09T21:54:55.303+0200][gc,task     ] GC(1) Using 10 workers of 10 for evacuation
[2024-10-09T21:54:55.322+0200][gc,phases   ] GC(1)   Pre Evacuate Collection Set: 0.81ms
[2024-10-09T21:54:55.322+0200][gc,phases   ] GC(1)   Merge Heap Roots: 0.15ms
[2024-10-09T21:54:55.322+0200][gc,phases   ] GC(1)   Evacuate Collection Set: 15.97ms
[2024-10-09T21:54:55.322+0200][gc,phases   ] GC(1)   Post Evacuate Collection Set: 1.37ms
[2024-10-09T21:54:55.322+0200][gc,phases   ] GC(1)   Other: 0.77ms
[2024-10-09T21:54:55.322+0200][gc,heap     ] GC(1) Eden regions: 17->0(49)
[2024-10-09T21:54:55.322+0200][gc,heap     ] GC(1) Survivor regions: 7->2(7)
[2024-10-09T21:54:55.322+0200][gc,heap     ] GC(1) Old regions: 3->11
[2024-10-09T21:54:55.322+0200][gc,heap     ] GC(1) Humongous regions: 0->0
[2024-10-09T21:54:55.323+0200][gc,metaspace] GC(1) Metaspace: 21261K(21504K)->21261K(21504K) NonClass: 18708K(18816K)->18708K(18816K) Class: 2552K(2688K)->2552K(2688K)
[2024-10-09T21:54:55.323+0200][gc          ] GC(1) Pause Young (Concurrent Start) (Metadata GC Threshold) 25M->10M(1024M) 19.574ms
[2024-10-09T21:54:55.323+0200][gc,cpu      ] GC(1) User=0.04s Sys=0.02s Real=0.02s
[2024-10-09T21:54:55.323+0200][gc          ] GC(2) Concurrent Mark Cycle
[2024-10-09T21:54:55.323+0200][gc,marking  ] GC(2) Concurrent Scan Root Regions
[2024-10-09T21:54:55.341+0200][gc,marking  ] GC(2) Concurrent Scan Root Regions 17.719ms
[2024-10-09T21:54:55.341+0200][gc,marking  ] GC(2) Concurrent Mark
[2024-10-09T21:54:55.341+0200][gc,marking  ] GC(2) Concurrent Mark From Roots
[2024-10-09T21:54:55.341+0200][gc,task     ] GC(2) Using 3 workers of 3 for marking
[2024-10-09T21:54:55.346+0200][gc,marking  ] GC(2) Concurrent Mark From Roots 5.537ms
[2024-10-09T21:54:55.347+0200][gc,marking  ] GC(2) Concurrent Preclean
[2024-10-09T21:54:55.347+0200][gc,marking  ] GC(2) Concurrent Preclean 0.238ms
[2024-10-09T21:54:55.347+0200][gc,start    ] GC(2) Pause Remark
[2024-10-09T21:54:55.356+0200][gc          ] GC(2) Pause Remark 12M->12M(1024M) 8.871ms
[2024-10-09T21:54:55.357+0200][gc,cpu      ] GC(2) User=0.01s Sys=0.00s Real=0.00s
[2024-10-09T21:54:55.357+0200][gc,marking  ] GC(2) Concurrent Mark 16.122ms
[2024-10-09T21:54:55.357+0200][gc,marking  ] GC(2) Concurrent Rebuild Remembered Sets and Scrub Regions
[2024-10-09T21:54:55.363+0200][gc,marking  ] GC(2) Concurrent Rebuild Remembered Sets and Scrub Regions 5.282ms
[2024-10-09T21:54:55.363+0200][gc,start    ] GC(2) Pause Cleanup
[2024-10-09T21:54:55.363+0200][gc          ] GC(2) Pause Cleanup 12M->12M(1024M) 0.411ms
[2024-10-09T21:54:55.363+0200][gc,cpu      ] GC(2) User=0.00s Sys=0.00s Real=0.00s
[2024-10-09T21:54:55.363+0200][gc,marking  ] GC(2) Concurrent Clear Claimed Marks
[2024-10-09T21:54:55.363+0200][gc,marking  ] GC(2) Concurrent Clear Claimed Marks 0.032ms
[2024-10-09T21:54:55.363+0200][gc,marking  ] GC(2) Concurrent Cleanup for Next Mark
[2024-10-09T21:54:55.369+0200][gc,marking  ] GC(2) Concurrent Cleanup for Next Mark 5.343ms
[2024-10-09T21:54:55.369+0200][gc          ] GC(2) Concurrent Mark Cycle 45.861ms
[2024-10-09T21:54:56.878+0200][gc,start    ] GC(3) Pause Young (Prepare Mixed) (G1 Evacuation Pause)
[2024-10-09T21:54:56.878+0200][gc,task     ] GC(3) Using 10 workers of 10 for evacuation
[2024-10-09T21:54:56.884+0200][gc,phases   ] GC(3)   Pre Evacuate Collection Set: 0.23ms
[2024-10-09T21:54:56.884+0200][gc,phases   ] GC(3)   Merge Heap Roots: 0.09ms
[2024-10-09T21:54:56.884+0200][gc,phases   ] GC(3)   Evacuate Collection Set: 4.07ms
[2024-10-09T21:54:56.884+0200][gc,phases   ] GC(3)   Post Evacuate Collection Set: 0.98ms
[2024-10-09T21:54:56.884+0200][gc,phases   ] GC(3)   Other: 0.08ms
[2024-10-09T21:54:56.884+0200][gc,heap     ] GC(3) Eden regions: 49->0(45)
[2024-10-09T21:54:56.884+0200][gc,heap     ] GC(3) Survivor regions: 2->6(7)
[2024-10-09T21:54:56.884+0200][gc,heap     ] GC(3) Old regions: 11->11
[2024-10-09T21:54:56.884+0200][gc,heap     ] GC(3) Humongous regions: 129->129
[2024-10-09T21:54:56.884+0200][gc,metaspace] GC(3) Metaspace: 29514K(29760K)->29514K(29760K) NonClass: 26163K(26304K)->26163K(26304K) Class: 3351K(3456K)->3351K(3456K)
[2024-10-09T21:54:56.884+0200][gc          ] GC(3) Pause Young (Prepare Mixed) (G1 Evacuation Pause) 188M->143M(1024M) 5.765ms
[2024-10-09T21:54:56.884+0200][gc,cpu      ] GC(3) User=0.04s Sys=0.00s Real=0.00s
[2024-10-09T21:54:56.939+0200][gc,heap,exit] Heap
[2024-10-09T21:54:56.939+0200][gc,heap,exit]  garbage-first heap   total reserved 1048576K, committed 1048576K, used 151078K [0x00000000c0000000, 0x0000000100000000)
[2024-10-09T21:54:56.939+0200][gc,heap,exit]   region size 1024K, 10 young (10240K), 6 survivors (6144K)
[2024-10-09T21:54:56.939+0200][gc,heap,exit]  Metaspace       used 30058K, committed 30336K, reserved 1114112K
[2024-10-09T21:54:56.939+0200][gc,heap,exit]   class space    used 3412K, committed 3520K, reserved 1048576K
