[2024-10-10T02:16:01.066+0200][gc,init] CardTable entry size: 512
[2024-10-10T02:16:01.066+0200][gc     ] Using G1
[2024-10-10T02:16:01.078+0200][gc,init] Version: 22.0.2+9 (release)
[2024-10-10T02:16:01.078+0200][gc,init] CPUs: 12 total, 12 available
[2024-10-10T02:16:01.078+0200][gc,init] Memory: 31933M
[2024-10-10T02:16:01.078+0200][gc,init] Large Page Support: Disabled
[2024-10-10T02:16:01.078+0200][gc,init] NUMA Support: Disabled
[2024-10-10T02:16:01.078+0200][gc,init] Compressed Oops: Enabled (32-bit)
[2024-10-10T02:16:01.078+0200][gc,init] Heap Region Size: 1M
[2024-10-10T02:16:01.078+0200][gc,init] Heap Min Capacity: 1G
[2024-10-10T02:16:01.078+0200][gc,init] Heap Initial Capacity: 1G
[2024-10-10T02:16:01.078+0200][gc,init] Heap Max Capacity: 1G
[2024-10-10T02:16:01.078+0200][gc,init] Pre-touch: Disabled
[2024-10-10T02:16:01.078+0200][gc,init] Parallel Workers: 10
[2024-10-10T02:16:01.078+0200][gc,init] Concurrent Workers: 3
[2024-10-10T02:16:01.078+0200][gc,init] Concurrent Refinement Workers: 10
[2024-10-10T02:16:01.078+0200][gc,init] Periodic GC: Disabled
[2024-10-10T02:16:01.089+0200][gc,metaspace] CDS archive(s) mapped at: [0x00007f5a1e000000-0x00007f5a1ec75000-0x00007f5a1ec75000), size 13062144, SharedBaseAddress: 0x00007f5a1e000000, ArchiveRelocationMode: 1.
[2024-10-10T02:16:01.089+0200][gc,metaspace] Compressed class space mapped at: 0x00007f5a1f000000-0x00007f5a5f000000, reserved size: 1073741824
[2024-10-10T02:16:01.089+0200][gc,metaspace] Narrow klass base: 0x00007f5a1e000000, Narrow klass shift: 0, Narrow klass range: 0x100000000
[2024-10-10T02:16:05.546+0200][gc,start    ] GC(0) Pause Young (Normal) (G1 Evacuation Pause)
[2024-10-10T02:16:05.547+0200][gc,task     ] GC(0) Using 10 workers of 10 for evacuation
[2024-10-10T02:16:05.560+0200][gc,phases   ] GC(0)   Pre Evacuate Collection Set: 0.22ms
[2024-10-10T02:16:05.560+0200][gc,phases   ] GC(0)   Merge Heap Roots: 0.09ms
[2024-10-10T02:16:05.560+0200][gc,phases   ] GC(0)   Evacuate Collection Set: 10.73ms
[2024-10-10T02:16:05.560+0200][gc,phases   ] GC(0)   Post Evacuate Collection Set: 1.01ms
[2024-10-10T02:16:05.560+0200][gc,phases   ] GC(0)   Other: 1.17ms
[2024-10-10T02:16:05.560+0200][gc,heap     ] GC(0) Eden regions: 51->0(44)
[2024-10-10T02:16:05.560+0200][gc,heap     ] GC(0) Survivor regions: 0->7(7)
[2024-10-10T02:16:05.560+0200][gc,heap     ] GC(0) Old regions: 2->4
[2024-10-10T02:16:05.560+0200][gc,heap     ] GC(0) Humongous regions: 0->0
[2024-10-10T02:16:05.560+0200][gc,metaspace] GC(0) Metaspace: 17166K(17408K)->17166K(17408K) NonClass: 15134K(15296K)->15134K(15296K) Class: 2032K(2112K)->2032K(2112K)
[2024-10-10T02:16:05.560+0200][gc          ] GC(0) Pause Young (Normal) (G1 Evacuation Pause) 52M->9M(1024M) 13.480ms
[2024-10-10T02:16:05.560+0200][gc,cpu      ] GC(0) User=0.03s Sys=0.05s Real=0.01s
[2024-10-10T02:16:06.042+0200][gc,heap,exit] Heap
[2024-10-10T02:16:06.042+0200][gc,heap,exit]  garbage-first heap   total reserved 1048576K, committed 1048576K, used 24889K [0x00000000c0000000, 0x0000000100000000)
[2024-10-10T02:16:06.042+0200][gc,heap,exit]   region size 1024K, 22 young (22528K), 7 survivors (7168K)
[2024-10-10T02:16:06.042+0200][gc,heap,exit]  Metaspace       used 20866K, committed 21120K, reserved 1114112K
[2024-10-10T02:16:06.042+0200][gc,heap,exit]   class space    used 2495K, committed 2624K, reserved 1048576K
