[2024-10-10T02:16:57.284+0200][gc,init] CardTable entry size: 512
[2024-10-10T02:16:57.285+0200][gc     ] Using G1
[2024-10-10T02:16:57.298+0200][gc,init] Version: 22.0.2+9 (release)
[2024-10-10T02:16:57.298+0200][gc,init] CPUs: 12 total, 12 available
[2024-10-10T02:16:57.298+0200][gc,init] Memory: 31933M
[2024-10-10T02:16:57.298+0200][gc,init] Large Page Support: Disabled
[2024-10-10T02:16:57.298+0200][gc,init] NUMA Support: Disabled
[2024-10-10T02:16:57.298+0200][gc,init] Compressed Oops: Enabled (32-bit)
[2024-10-10T02:16:57.298+0200][gc,init] Heap Region Size: 1M
[2024-10-10T02:16:57.298+0200][gc,init] Heap Min Capacity: 1G
[2024-10-10T02:16:57.298+0200][gc,init] Heap Initial Capacity: 1G
[2024-10-10T02:16:57.298+0200][gc,init] Heap Max Capacity: 1G
[2024-10-10T02:16:57.298+0200][gc,init] Pre-touch: Disabled
[2024-10-10T02:16:57.298+0200][gc,init] Parallel Workers: 10
[2024-10-10T02:16:57.298+0200][gc,init] Concurrent Workers: 3
[2024-10-10T02:16:57.298+0200][gc,init] Concurrent Refinement Workers: 10
[2024-10-10T02:16:57.298+0200][gc,init] Periodic GC: Disabled
[2024-10-10T02:16:57.310+0200][gc,metaspace] CDS archive(s) mapped at: [0x00007f300e000000-0x00007f300ec75000-0x00007f300ec75000), size 13062144, SharedBaseAddress: 0x00007f300e000000, ArchiveRelocationMode: 1.
[2024-10-10T02:16:57.310+0200][gc,metaspace] Compressed class space mapped at: 0x00007f300f000000-0x00007f304f000000, reserved size: 1073741824
[2024-10-10T02:16:57.310+0200][gc,metaspace] Narrow klass base: 0x00007f300e000000, Narrow klass shift: 0, Narrow klass range: 0x100000000
[2024-10-10T02:17:03.858+0200][gc,start    ] GC(0) Pause Young (Normal) (G1 Evacuation Pause)
[2024-10-10T02:17:03.859+0200][gc,task     ] GC(0) Using 10 workers of 10 for evacuation
[2024-10-10T02:17:03.873+0200][gc,phases   ] GC(0)   Pre Evacuate Collection Set: 0.36ms
[2024-10-10T02:17:03.873+0200][gc,phases   ] GC(0)   Merge Heap Roots: 0.09ms
[2024-10-10T02:17:03.873+0200][gc,phases   ] GC(0)   Evacuate Collection Set: 11.94ms
[2024-10-10T02:17:03.873+0200][gc,phases   ] GC(0)   Post Evacuate Collection Set: 0.73ms
[2024-10-10T02:17:03.873+0200][gc,phases   ] GC(0)   Other: 1.51ms
[2024-10-10T02:17:03.873+0200][gc,heap     ] GC(0) Eden regions: 51->0(44)
[2024-10-10T02:17:03.873+0200][gc,heap     ] GC(0) Survivor regions: 0->7(7)
[2024-10-10T02:17:03.873+0200][gc,heap     ] GC(0) Old regions: 2->3
[2024-10-10T02:17:03.873+0200][gc,heap     ] GC(0) Humongous regions: 0->0
[2024-10-10T02:17:03.873+0200][gc,metaspace] GC(0) Metaspace: 17218K(17472K)->17218K(17472K) NonClass: 15186K(15360K)->15186K(15360K) Class: 2031K(2112K)->2031K(2112K)
[2024-10-10T02:17:03.873+0200][gc          ] GC(0) Pause Young (Normal) (G1 Evacuation Pause) 52M->8M(1024M) 14.910ms
[2024-10-10T02:17:03.873+0200][gc,cpu      ] GC(0) User=0.03s Sys=0.09s Real=0.01s
[2024-10-10T02:17:04.446+0200][gc,heap,exit] Heap
[2024-10-10T02:17:04.446+0200][gc,heap,exit]  garbage-first heap   total reserved 1048576K, committed 1048576K, used 24400K [0x00000000c0000000, 0x0000000100000000)
[2024-10-10T02:17:04.446+0200][gc,heap,exit]   region size 1024K, 22 young (22528K), 7 survivors (7168K)
[2024-10-10T02:17:04.446+0200][gc,heap,exit]  Metaspace       used 20865K, committed 21120K, reserved 1114112K
[2024-10-10T02:17:04.446+0200][gc,heap,exit]   class space    used 2495K, committed 2624K, reserved 1048576K
