[2024-10-09T21:55:27.419+0200][gc,init] CardTable entry size: 512
[2024-10-09T21:55:27.419+0200][gc     ] Using G1
[2024-10-09T21:55:27.431+0200][gc,init] Version: 22.0.2+9 (release)
[2024-10-09T21:55:27.431+0200][gc,init] CPUs: 12 total, 12 available
[2024-10-09T21:55:27.431+0200][gc,init] Memory: 31933M
[2024-10-09T21:55:27.431+0200][gc,init] Large Page Support: Disabled
[2024-10-09T21:55:27.431+0200][gc,init] NUMA Support: Disabled
[2024-10-09T21:55:27.431+0200][gc,init] Compressed Oops: Enabled (32-bit)
[2024-10-09T21:55:27.431+0200][gc,init] Heap Region Size: 1M
[2024-10-09T21:55:27.431+0200][gc,init] Heap Min Capacity: 1G
[2024-10-09T21:55:27.431+0200][gc,init] Heap Initial Capacity: 1G
[2024-10-09T21:55:27.431+0200][gc,init] Heap Max Capacity: 1G
[2024-10-09T21:55:27.431+0200][gc,init] Pre-touch: Disabled
[2024-10-09T21:55:27.431+0200][gc,init] Parallel Workers: 10
[2024-10-09T21:55:27.431+0200][gc,init] Concurrent Workers: 3
[2024-10-09T21:55:27.431+0200][gc,init] Concurrent Refinement Workers: 10
[2024-10-09T21:55:27.431+0200][gc,init] Periodic GC: Disabled
[2024-10-09T21:55:27.442+0200][gc,metaspace] CDS archive(s) mapped at: [0x00007fde6a000000-0x00007fde6ac75000-0x00007fde6ac75000), size 13062144, SharedBaseAddress: 0x00007fde6a000000, ArchiveRelocationMode: 1.
[2024-10-09T21:55:27.442+0200][gc,metaspace] Compressed class space mapped at: 0x00007fde6b000000-0x00007fdeab000000, reserved size: 1073741824
[2024-10-09T21:55:27.442+0200][gc,metaspace] Narrow klass base: 0x00007fde6a000000, Narrow klass shift: 0, Narrow klass range: 0x100000000
[2024-10-09T21:55:32.041+0200][gc,start    ] GC(0) Pause Young (Normal) (G1 Evacuation Pause)
[2024-10-09T21:55:32.046+0200][gc,task     ] GC(0) Using 10 workers of 10 for evacuation
[2024-10-09T21:55:32.062+0200][gc,phases   ] GC(0)   Pre Evacuate Collection Set: 1.40ms
[2024-10-09T21:55:32.063+0200][gc,phases   ] GC(0)   Merge Heap Roots: 0.26ms
[2024-10-09T21:55:32.063+0200][gc,phases   ] GC(0)   Evacuate Collection Set: 13.78ms
[2024-10-09T21:55:32.063+0200][gc,phases   ] GC(0)   Post Evacuate Collection Set: 1.08ms
[2024-10-09T21:55:32.063+0200][gc,phases   ] GC(0)   Other: 4.86ms
[2024-10-09T21:55:32.063+0200][gc,heap     ] GC(0) Eden regions: 51->0(44)
[2024-10-09T21:55:32.063+0200][gc,heap     ] GC(0) Survivor regions: 0->7(7)
[2024-10-09T21:55:32.063+0200][gc,heap     ] GC(0) Old regions: 2->4
[2024-10-09T21:55:32.063+0200][gc,heap     ] GC(0) Humongous regions: 0->0
[2024-10-09T21:55:32.063+0200][gc,metaspace] GC(0) Metaspace: 17182K(17408K)->17182K(17408K) NonClass: 15151K(15296K)->15151K(15296K) Class: 2030K(2112K)->2030K(2112K)
[2024-10-09T21:55:32.063+0200][gc          ] GC(0) Pause Young (Normal) (G1 Evacuation Pause) 52M->9M(1024M) 21.835ms
[2024-10-09T21:55:32.063+0200][gc,cpu      ] GC(0) User=0.05s Sys=0.01s Real=0.02s
[2024-10-09T21:55:32.405+0200][gc,start    ] GC(1) Pause Young (Concurrent Start) (Metadata GC Threshold)
[2024-10-09T21:55:32.405+0200][gc,task     ] GC(1) Using 10 workers of 10 for evacuation
[2024-10-09T21:55:32.415+0200][gc,phases   ] GC(1)   Pre Evacuate Collection Set: 0.30ms
[2024-10-09T21:55:32.415+0200][gc,phases   ] GC(1)   Merge Heap Roots: 0.03ms
[2024-10-09T21:55:32.415+0200][gc,phases   ] GC(1)   Evacuate Collection Set: 8.45ms
[2024-10-09T21:55:32.415+0200][gc,phases   ] GC(1)   Post Evacuate Collection Set: 0.46ms
[2024-10-09T21:55:32.415+0200][gc,phases   ] GC(1)   Other: 0.09ms
[2024-10-09T21:55:32.415+0200][gc,heap     ] GC(1) Eden regions: 17->0(49)
[2024-10-09T21:55:32.415+0200][gc,heap     ] GC(1) Survivor regions: 7->2(7)
[2024-10-09T21:55:32.415+0200][gc,heap     ] GC(1) Old regions: 4->11
[2024-10-09T21:55:32.415+0200][gc,heap     ] GC(1) Humongous regions: 0->0
[2024-10-09T21:55:32.415+0200][gc,metaspace] GC(1) Metaspace: 21232K(21504K)->21232K(21504K) NonClass: 18695K(18880K)->18695K(18880K) Class: 2537K(2624K)->2537K(2624K)
[2024-10-09T21:55:32.415+0200][gc          ] GC(1) Pause Young (Concurrent Start) (Metadata GC Threshold) 25M->10M(1024M) 9.595ms
[2024-10-09T21:55:32.415+0200][gc,cpu      ] GC(1) User=0.01s Sys=0.06s Real=0.01s
[2024-10-09T21:55:32.415+0200][gc          ] GC(2) Concurrent Mark Cycle
[2024-10-09T21:55:32.415+0200][gc,marking  ] GC(2) Concurrent Scan Root Regions
[2024-10-09T21:55:32.418+0200][gc,marking  ] GC(2) Concurrent Scan Root Regions 2.855ms
[2024-10-09T21:55:32.418+0200][gc,marking  ] GC(2) Concurrent Mark
[2024-10-09T21:55:32.418+0200][gc,marking  ] GC(2) Concurrent Mark From Roots
[2024-10-09T21:55:32.418+0200][gc,task     ] GC(2) Using 3 workers of 3 for marking
[2024-10-09T21:55:32.421+0200][gc,marking  ] GC(2) Concurrent Mark From Roots 2.901ms
[2024-10-09T21:55:32.421+0200][gc,marking  ] GC(2) Concurrent Preclean
[2024-10-09T21:55:32.421+0200][gc,marking  ] GC(2) Concurrent Preclean 0.017ms
[2024-10-09T21:55:32.421+0200][gc,start    ] GC(2) Pause Remark
[2024-10-09T21:55:32.423+0200][gc          ] GC(2) Pause Remark 11M->11M(1024M) 1.813ms
[2024-10-09T21:55:32.423+0200][gc,cpu      ] GC(2) User=0.01s Sys=0.00s Real=0.00s
[2024-10-09T21:55:32.423+0200][gc,marking  ] GC(2) Concurrent Mark 5.027ms
[2024-10-09T21:55:32.423+0200][gc,marking  ] GC(2) Concurrent Rebuild Remembered Sets and Scrub Regions
[2024-10-09T21:55:32.425+0200][gc,marking  ] GC(2) Concurrent Rebuild Remembered Sets and Scrub Regions 2.264ms
[2024-10-09T21:55:32.425+0200][gc,start    ] GC(2) Pause Cleanup
[2024-10-09T21:55:32.426+0200][gc          ] GC(2) Pause Cleanup 11M->11M(1024M) 0.202ms
[2024-10-09T21:55:32.426+0200][gc,cpu      ] GC(2) User=0.00s Sys=0.00s Real=0.00s
[2024-10-09T21:55:32.426+0200][gc,marking  ] GC(2) Concurrent Clear Claimed Marks
[2024-10-09T21:55:32.426+0200][gc,marking  ] GC(2) Concurrent Clear Claimed Marks 0.031ms
[2024-10-09T21:55:32.426+0200][gc,marking  ] GC(2) Concurrent Cleanup for Next Mark
[2024-10-09T21:55:32.428+0200][gc,marking  ] GC(2) Concurrent Cleanup for Next Mark 2.039ms
[2024-10-09T21:55:32.428+0200][gc          ] GC(2) Concurrent Mark Cycle 13.020ms
[2024-10-09T21:55:39.934+0200][gc,start    ] GC(3) Pause Young (Prepare Mixed) (G1 Evacuation Pause)
[2024-10-09T21:55:39.934+0200][gc,task     ] GC(3) Using 10 workers of 10 for evacuation
[2024-10-09T21:55:39.937+0200][gc,phases   ] GC(3)   Pre Evacuate Collection Set: 0.19ms
[2024-10-09T21:55:39.937+0200][gc,phases   ] GC(3)   Merge Heap Roots: 0.06ms
[2024-10-09T21:55:39.937+0200][gc,phases   ] GC(3)   Evacuate Collection Set: 2.78ms
[2024-10-09T21:55:39.937+0200][gc,phases   ] GC(3)   Post Evacuate Collection Set: 0.66ms
[2024-10-09T21:55:39.937+0200][gc,phases   ] GC(3)   Other: 0.07ms
[2024-10-09T21:55:39.938+0200][gc,heap     ] GC(3) Eden regions: 49->0(45)
[2024-10-09T21:55:39.938+0200][gc,heap     ] GC(3) Survivor regions: 2->6(7)
[2024-10-09T21:55:39.938+0200][gc,heap     ] GC(3) Old regions: 11->11
[2024-10-09T21:55:39.938+0200][gc,heap     ] GC(3) Humongous regions: 129->129
[2024-10-09T21:55:39.938+0200][gc,metaspace] GC(3) Metaspace: 29874K(30208K)->29874K(30208K) NonClass: 26471K(26624K)->26471K(26624K) Class: 3402K(3584K)->3402K(3584K)
[2024-10-09T21:55:39.938+0200][gc          ] GC(3) Pause Young (Prepare Mixed) (G1 Evacuation Pause) 188M->143M(1024M) 3.956ms
[2024-10-09T21:55:39.938+0200][gc,cpu      ] GC(3) User=0.03s Sys=0.00s Real=0.01s
[2024-10-09T21:55:40.846+0200][gc,start    ] GC(4) Pause Young (Mixed) (Metadata GC Threshold)
[2024-10-09T21:55:40.846+0200][gc,task     ] GC(4) Using 10 workers of 10 for evacuation
[2024-10-09T21:55:40.860+0200][gc,phases   ] GC(4)   Pre Evacuate Collection Set: 0.31ms
[2024-10-09T21:55:40.861+0200][gc,phases   ] GC(4)   Merge Heap Roots: 0.09ms
[2024-10-09T21:55:40.861+0200][gc,phases   ] GC(4)   Evacuate Collection Set: 13.65ms
[2024-10-09T21:55:40.861+0200][gc,phases   ] GC(4)   Post Evacuate Collection Set: 0.64ms
[2024-10-09T21:55:40.861+0200][gc,phases   ] GC(4)   Other: 0.09ms
[2024-10-09T21:55:40.861+0200][gc,heap     ] GC(4) Eden regions: 25->0(48)
[2024-10-09T21:55:40.861+0200][gc,heap     ] GC(4) Survivor regions: 6->3(7)
[2024-10-09T21:55:40.861+0200][gc,heap     ] GC(4) Old regions: 11->15
[2024-10-09T21:55:40.861+0200][gc,heap     ] GC(4) Humongous regions: 129->129
[2024-10-09T21:55:40.861+0200][gc,metaspace] GC(4) Metaspace: 35651K(35968K)->35651K(35968K) NonClass: 31671K(31808K)->31671K(31808K) Class: 3979K(4160K)->3979K(4160K)
[2024-10-09T21:55:40.861+0200][gc          ] GC(4) Pause Young (Mixed) (Metadata GC Threshold) 168M->146M(1024M) 15.129ms
[2024-10-09T21:55:40.861+0200][gc,cpu      ] GC(4) User=0.04s Sys=0.09s Real=0.02s
[2024-10-09T21:55:40.884+0200][gc,start    ] GC(5) Pause Young (Concurrent Start) (Metadata GC Threshold)
[2024-10-09T21:55:40.884+0200][gc,task     ] GC(5) Using 10 workers of 10 for evacuation
[2024-10-09T21:55:40.887+0200][gc,phases   ] GC(5)   Pre Evacuate Collection Set: 0.44ms
[2024-10-09T21:55:40.888+0200][gc,phases   ] GC(5)   Merge Heap Roots: 0.10ms
[2024-10-09T21:55:40.888+0200][gc,phases   ] GC(5)   Evacuate Collection Set: 2.28ms
[2024-10-09T21:55:40.888+0200][gc,phases   ] GC(5)   Post Evacuate Collection Set: 0.40ms
[2024-10-09T21:55:40.888+0200][gc,phases   ] GC(5)   Other: 0.13ms
[2024-10-09T21:55:40.888+0200][gc,heap     ] GC(5) Eden regions: 2->0(48)
[2024-10-09T21:55:40.888+0200][gc,heap     ] GC(5) Survivor regions: 3->3(7)
[2024-10-09T21:55:40.888+0200][gc,heap     ] GC(5) Old regions: 15->15
[2024-10-09T21:55:40.888+0200][gc,heap     ] GC(5) Humongous regions: 129->129
[2024-10-09T21:55:40.888+0200][gc,metaspace] GC(5) Metaspace: 35957K(36288K)->35957K(36288K) NonClass: 31925K(32064K)->31925K(32064K) Class: 4032K(4224K)->4032K(4224K)
[2024-10-09T21:55:40.888+0200][gc          ] GC(5) Pause Young (Concurrent Start) (Metadata GC Threshold) 148M->146M(1024M) 3.667ms
[2024-10-09T21:55:40.888+0200][gc          ] GC(6) Concurrent Mark Cycle
[2024-10-09T21:55:40.888+0200][gc,marking  ] GC(6) Concurrent Scan Root Regions
[2024-10-09T21:55:40.888+0200][gc,cpu      ] GC(5) User=0.02s Sys=0.01s Real=0.01s
[2024-10-09T21:55:40.891+0200][gc,marking  ] GC(6) Concurrent Scan Root Regions 3.362ms
[2024-10-09T21:55:40.891+0200][gc,marking  ] GC(6) Concurrent Mark
[2024-10-09T21:55:40.891+0200][gc,marking  ] GC(6) Concurrent Mark From Roots
[2024-10-09T21:55:40.891+0200][gc,task     ] GC(6) Using 3 workers of 3 for marking
[2024-10-09T21:55:40.910+0200][gc,marking  ] GC(6) Concurrent Mark From Roots 19.158ms
[2024-10-09T21:55:40.911+0200][gc,marking  ] GC(6) Concurrent Preclean
[2024-10-09T21:55:40.911+0200][gc,marking  ] GC(6) Concurrent Preclean 0.149ms
[2024-10-09T21:55:40.911+0200][gc,start    ] GC(6) Pause Remark
[2024-10-09T21:55:40.914+0200][gc          ] GC(6) Pause Remark 147M->147M(1024M) 3.331ms
[2024-10-09T21:55:40.914+0200][gc,cpu      ] GC(6) User=0.02s Sys=0.00s Real=0.00s
[2024-10-09T21:55:40.914+0200][gc,marking  ] GC(6) Concurrent Mark 23.233ms
[2024-10-09T21:55:40.915+0200][gc,marking  ] GC(6) Concurrent Rebuild Remembered Sets and Scrub Regions
[2024-10-09T21:55:40.923+0200][gc,marking  ] GC(6) Concurrent Rebuild Remembered Sets and Scrub Regions 8.214ms
[2024-10-09T21:55:40.923+0200][gc,start    ] GC(6) Pause Cleanup
[2024-10-09T21:55:40.923+0200][gc          ] GC(6) Pause Cleanup 147M->147M(1024M) 0.458ms
[2024-10-09T21:55:40.923+0200][gc,cpu      ] GC(6) User=0.00s Sys=0.00s Real=0.00s
[2024-10-09T21:55:40.924+0200][gc,marking  ] GC(6) Concurrent Clear Claimed Marks
[2024-10-09T21:55:40.924+0200][gc,marking  ] GC(6) Concurrent Clear Claimed Marks 0.114ms
[2024-10-09T21:55:40.924+0200][gc,marking  ] GC(6) Concurrent Cleanup for Next Mark
[2024-10-09T21:55:40.925+0200][gc,marking  ] GC(6) Concurrent Cleanup for Next Mark 1.382ms
[2024-10-09T21:55:40.925+0200][gc          ] GC(6) Concurrent Mark Cycle 37.396ms
