[2024-10-08T19:37:08.386+0200][gc,init] CardTable entry size: 512
[2024-10-08T19:37:08.387+0200][gc     ] Using G1
[2024-10-08T19:37:08.429+0200][gc,init] Version: 22.0.2+9 (release)
[2024-10-08T19:37:08.429+0200][gc,init] CPUs: 12 total, 12 available
[2024-10-08T19:37:08.429+0200][gc,init] Memory: 31933M
[2024-10-08T19:37:08.429+0200][gc,init] Large Page Support: Disabled
[2024-10-08T19:37:08.429+0200][gc,init] NUMA Support: Disabled
[2024-10-08T19:37:08.429+0200][gc,init] Compressed Oops: Enabled (32-bit)
[2024-10-08T19:37:08.429+0200][gc,init] Heap Region Size: 1M
[2024-10-08T19:37:08.429+0200][gc,init] Heap Min Capacity: 1G
[2024-10-08T19:37:08.429+0200][gc,init] Heap Initial Capacity: 1G
[2024-10-08T19:37:08.429+0200][gc,init] Heap Max Capacity: 1G
[2024-10-08T19:37:08.429+0200][gc,init] Pre-touch: Disabled
[2024-10-08T19:37:08.429+0200][gc,init] Parallel Workers: 10
[2024-10-08T19:37:08.429+0200][gc,init] Concurrent Workers: 3
[2024-10-08T19:37:08.429+0200][gc,init] Concurrent Refinement Workers: 10
[2024-10-08T19:37:08.429+0200][gc,init] Periodic GC: Disabled
[2024-10-08T19:37:08.461+0200][gc,metaspace] CDS archive(s) mapped at: [0x00007f1b16000000-0x00007f1b16c75000-0x00007f1b16c75000), size 13062144, SharedBaseAddress: 0x00007f1b16000000, ArchiveRelocationMode: 1.
[2024-10-08T19:37:08.461+0200][gc,metaspace] Compressed class space mapped at: 0x00007f1b17000000-0x00007f1b57000000, reserved size: 1073741824
[2024-10-08T19:37:08.461+0200][gc,metaspace] Narrow klass base: 0x00007f1b16000000, Narrow klass shift: 0, Narrow klass range: 0x100000000
[2024-10-08T19:37:19.871+0200][gc,start    ] GC(0) Pause Young (Normal) (G1 Evacuation Pause)
[2024-10-08T19:37:19.874+0200][gc,task     ] GC(0) Using 10 workers of 10 for evacuation
[2024-10-08T19:37:19.897+0200][gc,mmu      ] GC(0) MMU target violated: 21.0ms (20.0ms/21.0ms)
[2024-10-08T19:37:19.897+0200][gc,phases   ] GC(0)   Pre Evacuate Collection Set: 0.53ms
[2024-10-08T19:37:19.897+0200][gc,phases   ] GC(0)   Merge Heap Roots: 0.33ms
[2024-10-08T19:37:19.897+0200][gc,phases   ] GC(0)   Evacuate Collection Set: 19.09ms
[2024-10-08T19:37:19.897+0200][gc,phases   ] GC(0)   Post Evacuate Collection Set: 2.29ms
[2024-10-08T19:37:19.897+0200][gc,phases   ] GC(0)   Other: 3.78ms
[2024-10-08T19:37:19.897+0200][gc,heap     ] GC(0) Eden regions: 51->0(44)
[2024-10-08T19:37:19.897+0200][gc,heap     ] GC(0) Survivor regions: 0->7(7)
[2024-10-08T19:37:19.897+0200][gc,heap     ] GC(0) Old regions: 2->3
[2024-10-08T19:37:19.897+0200][gc,heap     ] GC(0) Humongous regions: 0->0
[2024-10-08T19:37:19.897+0200][gc,metaspace] GC(0) Metaspace: 17217K(17408K)->17217K(17408K) NonClass: 15187K(15296K)->15187K(15296K) Class: 2030K(2112K)->2030K(2112K)
[2024-10-08T19:37:19.897+0200][gc          ] GC(0) Pause Young (Normal) (G1 Evacuation Pause) 52M->8M(1024M) 26.772ms
[2024-10-08T19:37:19.897+0200][gc,cpu      ] GC(0) User=0.09s Sys=0.07s Real=0.03s
[2024-10-08T19:37:33.311+0200][gc,start    ] GC(1) Pause Young (Concurrent Start) (Metadata GC Threshold)
[2024-10-08T19:37:33.311+0200][gc,task     ] GC(1) Using 10 workers of 10 for evacuation
[2024-10-08T19:37:33.331+0200][gc,phases   ] GC(1)   Pre Evacuate Collection Set: 0.64ms
[2024-10-08T19:37:33.331+0200][gc,phases   ] GC(1)   Merge Heap Roots: 0.14ms
[2024-10-08T19:37:33.331+0200][gc,phases   ] GC(1)   Evacuate Collection Set: 17.47ms
[2024-10-08T19:37:33.331+0200][gc,phases   ] GC(1)   Post Evacuate Collection Set: 1.20ms
[2024-10-08T19:37:33.331+0200][gc,phases   ] GC(1)   Other: 0.22ms
[2024-10-08T19:37:33.331+0200][gc,heap     ] GC(1) Eden regions: 17->0(49)
[2024-10-08T19:37:33.331+0200][gc,heap     ] GC(1) Survivor regions: 7->2(7)
[2024-10-08T19:37:33.331+0200][gc,heap     ] GC(1) Old regions: 3->11
[2024-10-08T19:37:33.331+0200][gc,heap     ] GC(1) Humongous regions: 0->0
[2024-10-08T19:37:33.331+0200][gc,metaspace] GC(1) Metaspace: 21338K(21504K)->21338K(21504K) NonClass: 18794K(18880K)->18794K(18880K) Class: 2543K(2624K)->2543K(2624K)
[2024-10-08T19:37:33.331+0200][gc          ] GC(1) Pause Young (Concurrent Start) (Metadata GC Threshold) 25M->11M(1024M) 20.131ms
[2024-10-08T19:37:33.331+0200][gc,cpu      ] GC(1) User=0.10s Sys=0.06s Real=0.02s
[2024-10-08T19:37:33.331+0200][gc          ] GC(2) Concurrent Mark Cycle
[2024-10-08T19:37:33.331+0200][gc,marking  ] GC(2) Concurrent Scan Root Regions
[2024-10-08T19:37:33.341+0200][gc,marking  ] GC(2) Concurrent Scan Root Regions 9.630ms
[2024-10-08T19:37:33.341+0200][gc,marking  ] GC(2) Concurrent Mark
[2024-10-08T19:37:33.341+0200][gc,marking  ] GC(2) Concurrent Mark From Roots
[2024-10-08T19:37:33.341+0200][gc,task     ] GC(2) Using 3 workers of 3 for marking
[2024-10-08T19:37:33.349+0200][gc,marking  ] GC(2) Concurrent Mark From Roots 8.106ms
[2024-10-08T19:37:33.349+0200][gc,marking  ] GC(2) Concurrent Preclean
[2024-10-08T19:37:33.349+0200][gc,marking  ] GC(2) Concurrent Preclean 0.030ms
[2024-10-08T19:37:33.349+0200][gc,start    ] GC(2) Pause Remark
[2024-10-08T19:37:33.354+0200][gc          ] GC(2) Pause Remark 12M->12M(1024M) 4.497ms
[2024-10-08T19:37:33.354+0200][gc,cpu      ] GC(2) User=0.02s Sys=0.01s Real=0.01s
[2024-10-08T19:37:33.354+0200][gc,marking  ] GC(2) Concurrent Mark 13.115ms
[2024-10-08T19:37:33.354+0200][gc,marking  ] GC(2) Concurrent Rebuild Remembered Sets and Scrub Regions
[2024-10-08T19:37:33.363+0200][gc,marking  ] GC(2) Concurrent Rebuild Remembered Sets and Scrub Regions 9.031ms
[2024-10-08T19:37:33.363+0200][gc,start    ] GC(2) Pause Cleanup
[2024-10-08T19:37:33.364+0200][gc          ] GC(2) Pause Cleanup 12M->12M(1024M) 0.662ms
[2024-10-08T19:37:33.364+0200][gc,cpu      ] GC(2) User=0.00s Sys=0.00s Real=0.00s
[2024-10-08T19:37:33.364+0200][gc,marking  ] GC(2) Concurrent Clear Claimed Marks
[2024-10-08T19:37:33.364+0200][gc,marking  ] GC(2) Concurrent Clear Claimed Marks 0.066ms
[2024-10-08T19:37:33.364+0200][gc,marking  ] GC(2) Concurrent Cleanup for Next Mark
[2024-10-08T19:37:33.371+0200][gc,marking  ] GC(2) Concurrent Cleanup for Next Mark 6.796ms
[2024-10-08T19:37:33.371+0200][gc          ] GC(2) Concurrent Mark Cycle 40.143ms
[2024-10-08T19:37:48.736+0200][gc,start    ] GC(3) Pause Young (Prepare Mixed) (G1 Evacuation Pause)
[2024-10-08T19:37:48.736+0200][gc,task     ] GC(3) Using 10 workers of 10 for evacuation
[2024-10-08T19:37:48.748+0200][gc,phases   ] GC(3)   Pre Evacuate Collection Set: 0.53ms
[2024-10-08T19:37:48.748+0200][gc,phases   ] GC(3)   Merge Heap Roots: 0.17ms
[2024-10-08T19:37:48.748+0200][gc,phases   ] GC(3)   Evacuate Collection Set: 9.01ms
[2024-10-08T19:37:48.748+0200][gc,phases   ] GC(3)   Post Evacuate Collection Set: 1.52ms
[2024-10-08T19:37:48.748+0200][gc,phases   ] GC(3)   Other: 0.21ms
[2024-10-08T19:37:48.748+0200][gc,heap     ] GC(3) Eden regions: 49->0(44)
[2024-10-08T19:37:48.748+0200][gc,heap     ] GC(3) Survivor regions: 2->7(7)
[2024-10-08T19:37:48.748+0200][gc,heap     ] GC(3) Old regions: 11->12
[2024-10-08T19:37:48.748+0200][gc,heap     ] GC(3) Humongous regions: 129->129
[2024-10-08T19:37:48.748+0200][gc,metaspace] GC(3) Metaspace: 32329K(32704K)->32329K(32704K) NonClass: 28726K(28928K)->28726K(28928K) Class: 3603K(3776K)->3603K(3776K)
[2024-10-08T19:37:48.748+0200][gc          ] GC(3) Pause Young (Prepare Mixed) (G1 Evacuation Pause) (Evacuation Failure: Pinned) 189M->145M(1024M) 12.170ms
[2024-10-08T19:37:48.748+0200][gc,cpu      ] GC(3) User=0.08s Sys=0.00s Real=0.01s
[2024-10-08T19:37:53.977+0200][gc,start    ] GC(4) Pause Young (Mixed) (Metadata GC Threshold)
[2024-10-08T19:37:53.977+0200][gc,task     ] GC(4) Using 10 workers of 10 for evacuation
[2024-10-08T19:37:54.004+0200][gc,mmu      ] GC(4) MMU target violated: 21.0ms (20.0ms/21.0ms)
[2024-10-08T19:37:54.004+0200][gc,phases   ] GC(4)   Pre Evacuate Collection Set: 0.52ms
[2024-10-08T19:37:54.004+0200][gc,phases   ] GC(4)   Merge Heap Roots: 0.18ms
[2024-10-08T19:37:54.004+0200][gc,phases   ] GC(4)   Evacuate Collection Set: 24.34ms
[2024-10-08T19:37:54.004+0200][gc,phases   ] GC(4)   Post Evacuate Collection Set: 1.18ms
[2024-10-08T19:37:54.004+0200][gc,phases   ] GC(4)   Other: 0.37ms
[2024-10-08T19:37:54.004+0200][gc,heap     ] GC(4) Eden regions: 15->0(49)
[2024-10-08T19:37:54.004+0200][gc,heap     ] GC(4) Survivor regions: 7->2(7)
[2024-10-08T19:37:54.004+0200][gc,heap     ] GC(4) Old regions: 12->16
[2024-10-08T19:37:54.004+0200][gc,heap     ] GC(4) Humongous regions: 129->129
[2024-10-08T19:37:54.004+0200][gc,metaspace] GC(4) Metaspace: 35656K(35968K)->35656K(35968K) NonClass: 31613K(31808K)->31613K(31808K) Class: 4043K(4160K)->4043K(4160K)
[2024-10-08T19:37:54.004+0200][gc          ] GC(4) Pause Young (Mixed) (Metadata GC Threshold) 160M->146M(1024M) 27.270ms
[2024-10-08T19:37:54.004+0200][gc,cpu      ] GC(4) User=0.12s Sys=0.10s Real=0.03s
[2024-10-08T19:38:03.441+0200][gc,start    ] GC(5) Pause Young (Concurrent Start) (Metadata GC Threshold)
[2024-10-08T19:38:03.441+0200][gc,task     ] GC(5) Using 10 workers of 10 for evacuation
[2024-10-08T19:38:03.445+0200][gc,phases   ] GC(5)   Pre Evacuate Collection Set: 0.76ms
[2024-10-08T19:38:03.446+0200][gc,phases   ] GC(5)   Merge Heap Roots: 0.17ms
[2024-10-08T19:38:03.446+0200][gc,phases   ] GC(5)   Evacuate Collection Set: 2.10ms
[2024-10-08T19:38:03.446+0200][gc,phases   ] GC(5)   Post Evacuate Collection Set: 0.79ms
[2024-10-08T19:38:03.446+0200][gc,phases   ] GC(5)   Other: 0.28ms
[2024-10-08T19:38:03.446+0200][gc,heap     ] GC(5) Eden regions: 5->0(50)
[2024-10-08T19:38:03.446+0200][gc,heap     ] GC(5) Survivor regions: 2->1(7)
[2024-10-08T19:38:03.446+0200][gc,heap     ] GC(5) Old regions: 16->16
[2024-10-08T19:38:03.446+0200][gc,heap     ] GC(5) Humongous regions: 129->129
[2024-10-08T19:38:03.446+0200][gc,metaspace] GC(5) Metaspace: 35954K(36288K)->35954K(36288K) NonClass: 31847K(32000K)->31847K(32000K) Class: 4106K(4288K)->4106K(4288K)
[2024-10-08T19:38:03.446+0200][gc          ] GC(5) Pause Young (Concurrent Start) (Metadata GC Threshold) 150M->145M(1024M) 4.797ms
[2024-10-08T19:38:03.446+0200][gc,cpu      ] GC(5) User=0.01s Sys=0.01s Real=0.01s
[2024-10-08T19:38:03.446+0200][gc          ] GC(6) Concurrent Mark Cycle
[2024-10-08T19:38:03.446+0200][gc,marking  ] GC(6) Concurrent Scan Root Regions
[2024-10-08T19:38:03.452+0200][gc,marking  ] GC(6) Concurrent Scan Root Regions 5.314ms
[2024-10-08T19:38:03.452+0200][gc,marking  ] GC(6) Concurrent Mark
[2024-10-08T19:38:03.452+0200][gc,marking  ] GC(6) Concurrent Mark From Roots
[2024-10-08T19:38:03.452+0200][gc,task     ] GC(6) Using 3 workers of 3 for marking
[2024-10-08T19:38:03.485+0200][gc,marking  ] GC(6) Concurrent Mark From Roots 33.621ms
[2024-10-08T19:38:03.485+0200][gc,marking  ] GC(6) Concurrent Preclean
[2024-10-08T19:38:03.486+0200][gc,marking  ] GC(6) Concurrent Preclean 0.167ms
[2024-10-08T19:38:03.486+0200][gc,start    ] GC(6) Pause Remark
[2024-10-08T19:38:03.492+0200][gc          ] GC(6) Pause Remark 146M->146M(1024M) 5.686ms
[2024-10-08T19:38:03.492+0200][gc,cpu      ] GC(6) User=0.03s Sys=0.00s Real=0.00s
[2024-10-08T19:38:03.492+0200][gc,marking  ] GC(6) Concurrent Mark 40.186ms
[2024-10-08T19:38:03.492+0200][gc,marking  ] GC(6) Concurrent Rebuild Remembered Sets and Scrub Regions
[2024-10-08T19:38:03.510+0200][gc,marking  ] GC(6) Concurrent Rebuild Remembered Sets and Scrub Regions 17.629ms
[2024-10-08T19:38:03.510+0200][gc,start    ] GC(6) Pause Cleanup
[2024-10-08T19:38:03.510+0200][gc          ] GC(6) Pause Cleanup 146M->146M(1024M) 0.451ms
[2024-10-08T19:38:03.510+0200][gc,cpu      ] GC(6) User=0.00s Sys=0.00s Real=0.00s
[2024-10-08T19:38:03.510+0200][gc,marking  ] GC(6) Concurrent Clear Claimed Marks
[2024-10-08T19:38:03.510+0200][gc,marking  ] GC(6) Concurrent Clear Claimed Marks 0.091ms
[2024-10-08T19:38:03.510+0200][gc,marking  ] GC(6) Concurrent Cleanup for Next Mark
[2024-10-08T19:38:03.512+0200][gc,marking  ] GC(6) Concurrent Cleanup for Next Mark 1.342ms
[2024-10-08T19:38:03.512+0200][gc          ] GC(6) Concurrent Mark Cycle 65.882ms
[2024-10-08T19:39:39.701+0200][gc,heap,exit] Heap
[2024-10-08T19:39:39.702+0200][gc,heap,exit]  garbage-first heap   total reserved 1048576K, committed 1048576K, used 175473K [0x00000000c0000000, 0x0000000100000000)
[2024-10-08T19:39:39.702+0200][gc,heap,exit]   region size 1024K, 27 young (27648K), 1 survivors (1024K)
[2024-10-08T19:39:39.702+0200][gc,heap,exit]  Metaspace       used 39761K, committed 40256K, reserved 1114112K
[2024-10-08T19:39:39.702+0200][gc,heap,exit]   class space    used 4856K, committed 5056K, reserved 1048576K
