[2024-10-08T19:34:16.908+0200][gc,init] CardTable entry size: 512
[2024-10-08T19:34:16.909+0200][gc     ] Using G1
[2024-10-08T19:34:16.930+0200][gc,init] Version: 22.0.2+9 (release)
[2024-10-08T19:34:16.931+0200][gc,init] CPUs: 12 total, 12 available
[2024-10-08T19:34:16.931+0200][gc,init] Memory: 31933M
[2024-10-08T19:34:16.931+0200][gc,init] Large Page Support: Disabled
[2024-10-08T19:34:16.931+0200][gc,init] NUMA Support: Disabled
[2024-10-08T19:34:16.931+0200][gc,init] Compressed Oops: Enabled (32-bit)
[2024-10-08T19:34:16.931+0200][gc,init] Heap Region Size: 1M
[2024-10-08T19:34:16.931+0200][gc,init] Heap Min Capacity: 512M
[2024-10-08T19:34:16.931+0200][gc,init] Heap Initial Capacity: 512M
[2024-10-08T19:34:16.931+0200][gc,init] Heap Max Capacity: 512M
[2024-10-08T19:34:16.931+0200][gc,init] Pre-touch: Disabled
[2024-10-08T19:34:16.931+0200][gc,init] Parallel Workers: 10
[2024-10-08T19:34:16.931+0200][gc,init] Concurrent Workers: 3
[2024-10-08T19:34:16.931+0200][gc,init] Concurrent Refinement Workers: 10
[2024-10-08T19:34:16.931+0200][gc,init] Periodic GC: Disabled
[2024-10-08T19:34:16.965+0200][gc,metaspace] CDS archive(s) mapped at: [0x00007f3e1e000000-0x00007f3e1ec75000-0x00007f3e1ec75000), size 13062144, SharedBaseAddress: 0x00007f3e1e000000, ArchiveRelocationMode: 1.
[2024-10-08T19:34:16.965+0200][gc,metaspace] Compressed class space mapped at: 0x00007f3e1f000000-0x00007f3e5f000000, reserved size: 1073741824
[2024-10-08T19:34:16.965+0200][gc,metaspace] Narrow klass base: 0x00007f3e1e000000, Narrow klass shift: 0, Narrow klass range: 0x100000000
[2024-10-08T19:34:17.558+0200][gc,heap,exit] Heap
[2024-10-08T19:34:17.558+0200][gc,heap,exit]  garbage-first heap   total reserved 524288K, committed 524288K, used 22561K [0x00000000e0000000, 0x0000000100000000)
[2024-10-08T19:34:17.558+0200][gc,heap,exit]   region size 1024K, 21 young (21504K), 0 survivors (0K)
[2024-10-08T19:34:17.558+0200][gc,heap,exit]  Metaspace       used 6865K, committed 7040K, reserved 1114112K
[2024-10-08T19:34:17.558+0200][gc,heap,exit]   class space    used 734K, committed 832K, reserved 1048576K
