[2024-10-09T21:50:41.659+0200][gc,init] CardTable entry size: 512
[2024-10-09T21:50:41.659+0200][gc     ] Using G1
[2024-10-09T21:50:41.666+0200][gc,init] Version: 22.0.2+9 (release)
[2024-10-09T21:50:41.666+0200][gc,init] CPUs: 12 total, 12 available
[2024-10-09T21:50:41.666+0200][gc,init] Memory: 31933M
[2024-10-09T21:50:41.666+0200][gc,init] Large Page Support: Disabled
[2024-10-09T21:50:41.666+0200][gc,init] NUMA Support: Disabled
[2024-10-09T21:50:41.666+0200][gc,init] Compressed Oops: Enabled (32-bit)
[2024-10-09T21:50:41.666+0200][gc,init] Heap Region Size: 1M
[2024-10-09T21:50:41.666+0200][gc,init] Heap Min Capacity: 512M
[2024-10-09T21:50:41.666+0200][gc,init] Heap Initial Capacity: 512M
[2024-10-09T21:50:41.666+0200][gc,init] Heap Max Capacity: 512M
[2024-10-09T21:50:41.666+0200][gc,init] Pre-touch: Disabled
[2024-10-09T21:50:41.666+0200][gc,init] Parallel Workers: 10
[2024-10-09T21:50:41.666+0200][gc,init] Concurrent Workers: 3
[2024-10-09T21:50:41.666+0200][gc,init] Concurrent Refinement Workers: 10
[2024-10-09T21:50:41.666+0200][gc,init] Periodic GC: Disabled
[2024-10-09T21:50:41.678+0200][gc,metaspace] CDS archive(s) mapped at: [0x00007f2f66000000-0x00007f2f66c75000-0x00007f2f66c75000), size 13062144, SharedBaseAddress: 0x00007f2f66000000, ArchiveRelocationMode: 1.
[2024-10-09T21:50:41.678+0200][gc,metaspace] Compressed class space mapped at: 0x00007f2f67000000-0x00007f2fa7000000, reserved size: 1073741824
[2024-10-09T21:50:41.678+0200][gc,metaspace] Narrow klass base: 0x00007f2f66000000, Narrow klass shift: 0, Narrow klass range: 0x100000000
[2024-10-09T21:50:42.718+0200][gc,start    ] GC(0) Pause Young (Normal) (G1 Evacuation Pause)
[2024-10-09T21:50:42.721+0200][gc,task     ] GC(0) Using 10 workers of 10 for evacuation
[2024-10-09T21:50:42.734+0200][gc,phases   ] GC(0)   Pre Evacuate Collection Set: 0.28ms
[2024-10-09T21:50:42.734+0200][gc,phases   ] GC(0)   Merge Heap Roots: 0.15ms
[2024-10-09T21:50:42.735+0200][gc,phases   ] GC(0)   Evacuate Collection Set: 10.74ms
[2024-10-09T21:50:42.735+0200][gc,phases   ] GC(0)   Post Evacuate Collection Set: 1.84ms
[2024-10-09T21:50:42.735+0200][gc,phases   ] GC(0)   Other: 3.00ms
[2024-10-09T21:50:42.735+0200][gc,heap     ] GC(0) Eden regions: 25->0(21)
[2024-10-09T21:50:42.735+0200][gc,heap     ] GC(0) Survivor regions: 0->4(4)
[2024-10-09T21:50:42.735+0200][gc,heap     ] GC(0) Old regions: 2->6
[2024-10-09T21:50:42.735+0200][gc,heap     ] GC(0) Humongous regions: 0->0
[2024-10-09T21:50:42.735+0200][gc,metaspace] GC(0) Metaspace: 7798K(8000K)->7798K(8000K) NonClass: 6967K(7104K)->6967K(7104K) Class: 830K(896K)->830K(896K)
[2024-10-09T21:50:42.735+0200][gc          ] GC(0) Pause Young (Normal) (G1 Evacuation Pause) 26M->9M(512M) 16.495ms
[2024-10-09T21:50:42.735+0200][gc,cpu      ] GC(0) User=0.03s Sys=0.05s Real=0.01s
[2024-10-09T22:00:19.313+0200][gc,heap,exit] Heap
[2024-10-09T22:00:19.313+0200][gc,heap,exit]  garbage-first heap   total reserved 524288K, committed 524288K, used 18452K [0x00000000e0000000, 0x0000000100000000)
[2024-10-09T22:00:19.313+0200][gc,heap,exit]   region size 1024K, 13 young (13312K), 4 survivors (4096K)
[2024-10-09T22:00:19.313+0200][gc,heap,exit]  Metaspace       used 9058K, committed 9280K, reserved 1114112K
[2024-10-09T22:00:19.313+0200][gc,heap,exit]   class space    used 960K, committed 1088K, reserved 1048576K
