[2024-10-10T02:18:28.328+0200][gc,init] CardTable entry size: 512
[2024-10-10T02:18:28.328+0200][gc     ] Using G1
[2024-10-10T02:18:28.336+0200][gc,init] Version: 22.0.2+9 (release)
[2024-10-10T02:18:28.336+0200][gc,init] CPUs: 12 total, 12 available
[2024-10-10T02:18:28.336+0200][gc,init] Memory: 31933M
[2024-10-10T02:18:28.336+0200][gc,init] Large Page Support: Disabled
[2024-10-10T02:18:28.336+0200][gc,init] NUMA Support: Disabled
[2024-10-10T02:18:28.336+0200][gc,init] Compressed Oops: Enabled (32-bit)
[2024-10-10T02:18:28.336+0200][gc,init] Heap Region Size: 1M
[2024-10-10T02:18:28.336+0200][gc,init] Heap Min Capacity: 512M
[2024-10-10T02:18:28.336+0200][gc,init] Heap Initial Capacity: 512M
[2024-10-10T02:18:28.336+0200][gc,init] Heap Max Capacity: 512M
[2024-10-10T02:18:28.336+0200][gc,init] Pre-touch: Disabled
[2024-10-10T02:18:28.336+0200][gc,init] Parallel Workers: 10
[2024-10-10T02:18:28.336+0200][gc,init] Concurrent Workers: 3
[2024-10-10T02:18:28.336+0200][gc,init] Concurrent Refinement Workers: 10
[2024-10-10T02:18:28.336+0200][gc,init] Periodic GC: Disabled
[2024-10-10T02:18:28.347+0200][gc,metaspace] CDS archive(s) mapped at: [0x00007f6b26000000-0x00007f6b26c75000-0x00007f6b26c75000), size 13062144, SharedBaseAddress: 0x00007f6b26000000, ArchiveRelocationMode: 1.
[2024-10-10T02:18:28.347+0200][gc,metaspace] Compressed class space mapped at: 0x00007f6b27000000-0x00007f6b67000000, reserved size: 1073741824
[2024-10-10T02:18:28.347+0200][gc,metaspace] Narrow klass base: 0x00007f6b26000000, Narrow klass shift: 0, Narrow klass range: 0x100000000
[2024-10-10T02:18:29.150+0200][gc,start    ] GC(0) Pause Young (Normal) (G1 Evacuation Pause)
[2024-10-10T02:18:29.151+0200][gc,task     ] GC(0) Using 10 workers of 10 for evacuation
[2024-10-10T02:18:29.163+0200][gc,phases   ] GC(0)   Pre Evacuate Collection Set: 0.16ms
[2024-10-10T02:18:29.163+0200][gc,phases   ] GC(0)   Merge Heap Roots: 0.06ms
[2024-10-10T02:18:29.163+0200][gc,phases   ] GC(0)   Evacuate Collection Set: 10.54ms
[2024-10-10T02:18:29.163+0200][gc,phases   ] GC(0)   Post Evacuate Collection Set: 0.64ms
[2024-10-10T02:18:29.163+0200][gc,phases   ] GC(0)   Other: 1.48ms
[2024-10-10T02:18:29.163+0200][gc,heap     ] GC(0) Eden regions: 25->0(21)
[2024-10-10T02:18:29.163+0200][gc,heap     ] GC(0) Survivor regions: 0->4(4)
[2024-10-10T02:18:29.163+0200][gc,heap     ] GC(0) Old regions: 2->7
[2024-10-10T02:18:29.163+0200][gc,heap     ] GC(0) Humongous regions: 0->0
[2024-10-10T02:18:29.163+0200][gc,metaspace] GC(0) Metaspace: 7838K(8000K)->7838K(8000K) NonClass: 7006K(7104K)->7006K(7104K) Class: 831K(896K)->831K(896K)
[2024-10-10T02:18:29.163+0200][gc          ] GC(0) Pause Young (Normal) (G1 Evacuation Pause) 26M->9M(512M) 13.147ms
[2024-10-10T02:18:29.163+0200][gc,cpu      ] GC(0) User=0.05s Sys=0.04s Real=0.01s
[2024-10-10T02:20:59.998+0200][gc,start    ] GC(1) Pause Young (Normal) (G1 Evacuation Pause)
[2024-10-10T02:20:59.998+0200][gc,task     ] GC(1) Using 10 workers of 10 for evacuation
[2024-10-10T02:21:00.003+0200][gc,phases   ] GC(1)   Pre Evacuate Collection Set: 0.17ms
[2024-10-10T02:21:00.003+0200][gc,phases   ] GC(1)   Merge Heap Roots: 0.05ms
[2024-10-10T02:21:00.003+0200][gc,phases   ] GC(1)   Evacuate Collection Set: 3.42ms
[2024-10-10T02:21:00.003+0200][gc,phases   ] GC(1)   Post Evacuate Collection Set: 0.59ms
[2024-10-10T02:21:00.003+0200][gc,phases   ] GC(1)   Other: 0.09ms
[2024-10-10T02:21:00.003+0200][gc,heap     ] GC(1) Eden regions: 21->0(24)
[2024-10-10T02:21:00.003+0200][gc,heap     ] GC(1) Survivor regions: 4->1(4)
[2024-10-10T02:21:00.003+0200][gc,heap     ] GC(1) Old regions: 7->11
[2024-10-10T02:21:00.003+0200][gc,heap     ] GC(1) Humongous regions: 0->0
[2024-10-10T02:21:00.003+0200][gc,metaspace] GC(1) Metaspace: 9363K(9600K)->9363K(9600K) NonClass: 8402K(8512K)->8402K(8512K) Class: 961K(1088K)->961K(1088K)
[2024-10-10T02:21:00.003+0200][gc          ] GC(1) Pause Young (Normal) (G1 Evacuation Pause) 30M->10M(512M) 4.576ms
[2024-10-10T02:21:00.003+0200][gc,cpu      ] GC(1) User=0.01s Sys=0.02s Real=0.00s
