[2024-10-10T02:18:28.328+0200][gc,init] CardTable entry size: 512
[2024-10-10T02:18:28.328+0200][gc     ] Using G1
[2024-10-10T02:18:28.336+0200][gc,init] Version: 22.0.2+9 (release)
[2024-10-10T02:18:28.336+0200][gc,init] CPUs: 12 total, 12 available
[2024-10-10T02:18:28.336+0200][gc,init] Memory: 31933M
[2024-10-10T02:18:28.336+0200][gc,init] Large Page Support: Disabled
[2024-10-10T02:18:28.336+0200][gc,init] NUMA Support: Disabled
[2024-10-10T02:18:28.336+0200][gc,init] Compressed Oops: Enabled (32-bit)
[2024-10-10T02:18:28.336+0200][gc,init] Heap Region Size: 1M
[2024-10-10T02:18:28.336+0200][gc,init] Heap Min Capacity: 512M
[2024-10-10T02:18:28.336+0200][gc,init] Heap Initial Capacity: 512M
[2024-10-10T02:18:28.336+0200][gc,init] Heap Max Capacity: 512M
[2024-10-10T02:18:28.336+0200][gc,init] Pre-touch: Disabled
[2024-10-10T02:18:28.336+0200][gc,init] Parallel Workers: 10
[2024-10-10T02:18:28.336+0200][gc,init] Concurrent Workers: 3
[2024-10-10T02:18:28.336+0200][gc,init] Concurrent Refinement Workers: 10
[2024-10-10T02:18:28.336+0200][gc,init] Periodic GC: Disabled
[2024-10-10T02:18:28.347+0200][gc,metaspace] CDS archive(s) mapped at: [0x00007f6b26000000-0x00007f6b26c75000-0x00007f6b26c75000), size 13062144, SharedBaseAddress: 0x00007f6b26000000, ArchiveRelocationMode: 1.
[2024-10-10T02:18:28.347+0200][gc,metaspace] Compressed class space mapped at: 0x00007f6b27000000-0x00007f6b67000000, reserved size: 1073741824
[2024-10-10T02:18:28.347+0200][gc,metaspace] Narrow klass base: 0x00007f6b26000000, Narrow klass shift: 0, Narrow klass range: 0x100000000
[2024-10-10T02:18:29.150+0200][gc,start    ] GC(0) Pause Young (Normal) (G1 Evacuation Pause)
[2024-10-10T02:18:29.151+0200][gc,task     ] GC(0) Using 10 workers of 10 for evacuation
[2024-10-10T02:18:29.163+0200][gc,phases   ] GC(0)   Pre Evacuate Collection Set: 0.16ms
[2024-10-10T02:18:29.163+0200][gc,phases   ] GC(0)   Merge Heap Roots: 0.06ms
[2024-10-10T02:18:29.163+0200][gc,phases   ] GC(0)   Evacuate Collection Set: 10.54ms
[2024-10-10T02:18:29.163+0200][gc,phases   ] GC(0)   Post Evacuate Collection Set: 0.64ms
[2024-10-10T02:18:29.163+0200][gc,phases   ] GC(0)   Other: 1.48ms
[2024-10-10T02:18:29.163+0200][gc,heap     ] GC(0) Eden regions: 25->0(21)
[2024-10-10T02:18:29.163+0200][gc,heap     ] GC(0) Survivor regions: 0->4(4)
[2024-10-10T02:18:29.163+0200][gc,heap     ] GC(0) Old regions: 2->7
[2024-10-10T02:18:29.163+0200][gc,heap     ] GC(0) Humongous regions: 0->0
[2024-10-10T02:18:29.163+0200][gc,metaspace] GC(0) Metaspace: 7838K(8000K)->7838K(8000K) NonClass: 7006K(7104K)->7006K(7104K) Class: 831K(896K)->831K(896K)
[2024-10-10T02:18:29.163+0200][gc          ] GC(0) Pause Young (Normal) (G1 Evacuation Pause) 26M->9M(512M) 13.147ms
[2024-10-10T02:18:29.163+0200][gc,cpu      ] GC(0) User=0.05s Sys=0.04s Real=0.01s
[2024-10-10T02:20:59.998+0200][gc,start    ] GC(1) Pause Young (Normal) (G1 Evacuation Pause)
[2024-10-10T02:20:59.998+0200][gc,task     ] GC(1) Using 10 workers of 10 for evacuation
[2024-10-10T02:21:00.003+0200][gc,phases   ] GC(1)   Pre Evacuate Collection Set: 0.17ms
[2024-10-10T02:21:00.003+0200][gc,phases   ] GC(1)   Merge Heap Roots: 0.05ms
[2024-10-10T02:21:00.003+0200][gc,phases   ] GC(1)   Evacuate Collection Set: 3.42ms
[2024-10-10T02:21:00.003+0200][gc,phases   ] GC(1)   Post Evacuate Collection Set: 0.59ms
[2024-10-10T02:21:00.003+0200][gc,phases   ] GC(1)   Other: 0.09ms
[2024-10-10T02:21:00.003+0200][gc,heap     ] GC(1) Eden regions: 21->0(24)
[2024-10-10T02:21:00.003+0200][gc,heap     ] GC(1) Survivor regions: 4->1(4)
[2024-10-10T02:21:00.003+0200][gc,heap     ] GC(1) Old regions: 7->11
[2024-10-10T02:21:00.003+0200][gc,heap     ] GC(1) Humongous regions: 0->0
[2024-10-10T02:21:00.003+0200][gc,metaspace] GC(1) Metaspace: 9363K(9600K)->9363K(9600K) NonClass: 8402K(8512K)->8402K(8512K) Class: 961K(1088K)->961K(1088K)
[2024-10-10T02:21:00.003+0200][gc          ] GC(1) Pause Young (Normal) (G1 Evacuation Pause) 30M->10M(512M) 4.576ms
[2024-10-10T02:21:00.003+0200][gc,cpu      ] GC(1) User=0.01s Sys=0.02s Real=0.00s
[2024-10-10T16:48:44.729+0200][gc,start    ] GC(2) Pause Young (Normal) (G1 Evacuation Pause)
[2024-10-10T16:48:44.729+0200][gc,task     ] GC(2) Using 10 workers of 10 for evacuation
[2024-10-10T16:48:44.730+0200][gc,phases   ] GC(2)   Pre Evacuate Collection Set: 0.22ms
[2024-10-10T16:48:44.730+0200][gc,phases   ] GC(2)   Merge Heap Roots: 0.03ms
[2024-10-10T16:48:44.730+0200][gc,phases   ] GC(2)   Evacuate Collection Set: 0.71ms
[2024-10-10T16:48:44.730+0200][gc,phases   ] GC(2)   Post Evacuate Collection Set: 0.23ms
[2024-10-10T16:48:44.730+0200][gc,phases   ] GC(2)   Other: 0.07ms
[2024-10-10T16:48:44.730+0200][gc,heap     ] GC(2) Eden regions: 24->0(24)
[2024-10-10T16:48:44.730+0200][gc,heap     ] GC(2) Survivor regions: 1->1(4)
[2024-10-10T16:48:44.730+0200][gc,heap     ] GC(2) Old regions: 11->11
[2024-10-10T16:48:44.730+0200][gc,heap     ] GC(2) Humongous regions: 0->0
[2024-10-10T16:48:44.730+0200][gc,metaspace] GC(2) Metaspace: 9394K(9600K)->9394K(9600K) NonClass: 8432K(8512K)->8432K(8512K) Class: 961K(1088K)->961K(1088K)
[2024-10-10T16:48:44.730+0200][gc          ] GC(2) Pause Young (Normal) (G1 Evacuation Pause) 34M->10M(512M) 1.466ms
[2024-10-10T16:48:44.730+0200][gc,cpu      ] GC(2) User=0.00s Sys=0.01s Real=0.00s
[2024-10-11T01:11:48.830+0200][gc,start    ] GC(3) Pause Young (Normal) (G1 Evacuation Pause)
[2024-10-11T01:11:48.830+0200][gc,task     ] GC(3) Using 10 workers of 10 for evacuation
[2024-10-11T01:11:48.831+0200][gc,phases   ] GC(3)   Pre Evacuate Collection Set: 0.20ms
[2024-10-11T01:11:48.831+0200][gc,phases   ] GC(3)   Merge Heap Roots: 0.04ms
[2024-10-11T01:11:48.831+0200][gc,phases   ] GC(3)   Evacuate Collection Set: 0.49ms
[2024-10-11T01:11:48.831+0200][gc,phases   ] GC(3)   Post Evacuate Collection Set: 0.45ms
[2024-10-11T01:11:48.831+0200][gc,phases   ] GC(3)   Other: 0.09ms
[2024-10-11T01:11:48.831+0200][gc,heap     ] GC(3) Eden regions: 24->0(24)
[2024-10-11T01:11:48.831+0200][gc,heap     ] GC(3) Survivor regions: 1->1(4)
[2024-10-11T01:11:48.831+0200][gc,heap     ] GC(3) Old regions: 11->11
[2024-10-11T01:11:48.831+0200][gc,heap     ] GC(3) Humongous regions: 0->0
[2024-10-11T01:11:48.831+0200][gc,metaspace] GC(3) Metaspace: 9394K(9600K)->9394K(9600K) NonClass: 8432K(8512K)->8432K(8512K) Class: 961K(1088K)->961K(1088K)
[2024-10-11T01:11:48.831+0200][gc          ] GC(3) Pause Young (Normal) (G1 Evacuation Pause) 34M->10M(512M) 1.473ms
[2024-10-11T01:11:48.831+0200][gc,cpu      ] GC(3) User=0.00s Sys=0.00s Real=0.00s
[2024-10-11T19:32:43.396+0200][gc,start    ] GC(4) Pause Young (Normal) (G1 Evacuation Pause)
[2024-10-11T19:32:43.456+0200][gc,task     ] GC(4) Using 10 workers of 10 for evacuation
[2024-10-11T19:32:43.457+0200][gc,phases   ] GC(4)   Pre Evacuate Collection Set: 0.10ms
[2024-10-11T19:32:43.457+0200][gc,phases   ] GC(4)   Merge Heap Roots: 0.04ms
[2024-10-11T19:32:43.457+0200][gc,phases   ] GC(4)   Evacuate Collection Set: 0.55ms
[2024-10-11T19:32:43.457+0200][gc,phases   ] GC(4)   Post Evacuate Collection Set: 0.30ms
[2024-10-11T19:32:43.457+0200][gc,phases   ] GC(4)   Other: 0.07ms
[2024-10-11T19:32:43.457+0200][gc,heap     ] GC(4) Eden regions: 24->0(24)
[2024-10-11T19:32:43.457+0200][gc,heap     ] GC(4) Survivor regions: 1->1(4)
[2024-10-11T19:32:43.457+0200][gc,heap     ] GC(4) Old regions: 11->11
[2024-10-11T19:32:43.457+0200][gc,heap     ] GC(4) Humongous regions: 0->0
[2024-10-11T19:32:43.457+0200][gc,metaspace] GC(4) Metaspace: 9398K(9600K)->9398K(9600K) NonClass: 8437K(8512K)->8437K(8512K) Class: 961K(1088K)->961K(1088K)
[2024-10-11T19:32:43.457+0200][gc          ] GC(4) Pause Young (Normal) (G1 Evacuation Pause) 34M->10M(512M) 60.828ms
[2024-10-11T19:32:43.457+0200][gc,cpu      ] GC(4) User=0.01s Sys=0.00s Real=0.06s
[2024-10-11T20:05:19.015+0200][gc,heap,exit] Heap
[2024-10-11T20:05:19.015+0200][gc,heap,exit]  garbage-first heap   total reserved 524288K, committed 524288K, used 12888K [0x00000000e0000000, 0x0000000100000000)
[2024-10-11T20:05:19.015+0200][gc,heap,exit]   region size 1024K, 4 young (4096K), 1 survivors (1024K)
[2024-10-11T20:05:19.015+0200][gc,heap,exit]  Metaspace       used 9401K, committed 9600K, reserved 1114112K
[2024-10-11T20:05:19.015+0200][gc,heap,exit]   class space    used 962K, committed 1088K, reserved 1048576K
